// Jest Snapshot v1, https://goo.gl/fbAQLP

exports[`App component renders correctly 1`] = `
<React.Fragment>
  <Component />
  <Component />
  <Component
    projects="projects"
  />
  <Component />
  <Component
    footerProps="footer"
  />
</React.Fragment>
`;
