// Jest Snapshot v1, https://goo.gl/fbAQLP

exports[`Contact component renders correctly 1`] = `
<section
  className="contact"
>
  <div
    className="container"
  >
    <h2
      id="contact"
    >
      Contact
    </h2>
    <p>
      I hope Iâ€™ve covered everything but if you have any questions or comments, drop me a message.
    </p>
    <form
      onSubmit={[Function]}
    >
      <input
        name="honeypot"
        onChange={[Function]}
        type="hidden"
      />
      <label
        htmlFor="contact-name"
      >
        Name
      </label>
      <input
        className=""
        id="contact-name"
        name="name"
        onChange={[Function]}
        required={true}
        type="text"
      />
      <label
        htmlFor="contact-email"
      >
        Email
      </label>
      <input
        className=""
        id="contact-email"
        name="email"
        onChange={[Function]}
        required={true}
        type="email"
      />
      <label
        htmlFor="contact-message"
      >
        Message
      </label>
      <textarea
        className=""
        id="contact-message"
        name="message"
        onChange={[Function]}
        required={true}
      />
      <input
        type="submit"
        value="Send"
      />
    </form>
  </div>
</section>
`;
