// Jest Snapshot v1, https://goo.gl/fbAQLP

exports[`Footer component renders with social links 1`] = `
<footer
  className="footer"
>
  <div
    className="container"
  >
    <p
      className="footer-title"
    >
      Ben Carr
      <br />
      Software Developer
    </p>
    <div
      className="footer-grid"
    >
      <div
        className="footer-grid-left"
      >
        <h3
          className="footer-links-title"
        >
          Menu
        </h3>
        <ul
          className="footer-links"
        >
          <li>
            <a
              className="link-light"
              href="#work"
            >
              Work
            </a>
          </li>
          <li>
            <a
              className="link-light"
              href="#education"
            >
              Education
            </a>
          </li>
          <li>
            <a
              className="link-light"
              href="#projects"
            >
              Projects
            </a>
          </li>
          <li>
            <a
              className="link-light"
              href="#contact"
            >
              Contact
            </a>
          </li>
        </ul>
      </div>
      <div
        className="footer-grid-left"
      >
        <h3
          className="footer-links-title"
        >
          Social
        </h3>
        <ul
          className="footer-links"
        >
          <li
            key="Social link"
          >
            <a
              className="link-light"
              href="social.com"
            >
              Social link
            </a>
          </li>
        </ul>
      </div>
      <div
        className="footer-grid-right"
      >
        Copyright Â© 
        twenty-eighteen
      </div>
    </div>
  </div>
</footer>
`;
